[eventify-html-demo.vercel.app/index10]
[backblue.gif]
[fade.gif]
[index.html]
[eventify-html-demo.vercel.app/assets/img/logo/fav-logo1.png]
[eventify-html-demo.vercel.app/assets/css/vendor/bootstrap.min.css]
[eventify-html-demo.vercel.app/assets/css/vendor/aos.css]
[eventify-html-demo.vercel.app/assets/css/vendor/fontawesome.css]
[eventify-html-demo.vercel.app/assets/css/vendor/magnific-popup.css]
[eventify-html-demo.vercel.app/assets/css/vendor/mobile.css]
[eventify-html-demo.vercel.app/assets/css/vendor/owlcarousel.min.css]
[eventify-html-demo.vercel.app/assets/css/vendor/sidebar.css]
[eventify-html-demo.vercel.app/assets/css/vendor/slick-slider.css]
[eventify-html-demo.vercel.app/assets/css/vendor/nice-select.css]
[eventify-html-demo.vercel.app/assets/css/vendor/odometer.css]
[eventify-html-demo.vercel.app/assets/css/main.css]
[eventify-html-demo.vercel.app/assets/js/vendor/jquery-3.7.1.min.js]
[eventify-html-demo.vercel.app/assets/img/logo/popup-logo.png]
[eventify-html-demo.vercel.app/contact]
[eventify-html-demo.vercel.app/assets/img/logo/preloader.png]
[eventify-html-demo.vercel.app/assets/img/logo/logo5.png]
[eventify-html-demo.vercel.app/index.html]
[eventify-html-demo.vercel.app/assets/img/all-images/demo/demo-img1.png]
[eventify-html-demo.vercel.app/assets/img/all-images/demo/demo-img2.png]
[eventify-html-demo.vercel.app/index2]
[eventify-html-demo.vercel.app/assets/img/all-images/demo/demo-img3.png]
[eventify-html-demo.vercel.app/index3]
[eventify-html-demo.vercel.app/assets/img/all-images/demo/demo-img4.png]
[eventify-html-demo.vercel.app/index4]
[eventify-html-demo.vercel.app/assets/img/all-images/demo/demo-img5.png]
[eventify-html-demo.vercel.app/index5]
[eventify-html-demo.vercel.app/assets/img/all-images/demo/demo-img6.png]
[eventify-html-demo.vercel.app/index6]
[eventify-html-demo.vercel.app/assets/img/all-images/demo/demo-img7.png]
[eventify-html-demo.vercel.app/index7]
[eventify-html-demo.vercel.app/assets/img/all-images/demo/demo-img8.png]
[eventify-html-demo.vercel.app/index8]
[eventify-html-demo.vercel.app/assets/img/all-images/demo/demo-img9.png]
[eventify-html-demo.vercel.app/index9]
[eventify-html-demo.vercel.app/assets/img/all-images/demo/demo-img10.png]
[eventify-html-demo.vercel.app/about]
[eventify-html-demo.vercel.app/speakers]
[eventify-html-demo.vercel.app/speakers-single]
[eventify-html-demo.vercel.app/event]
[eventify-html-demo.vercel.app/event-schedule]
[eventify-html-demo.vercel.app/event-single]
[eventify-html-demo.vercel.app/blog]
[eventify-html-demo.vercel.app/blog-single]
[eventify-html-demo.vercel.app/memories]
[eventify-html-demo.vercel.app/pricing-plan]
[eventify-html-demo.vercel.app/faq]
[eventify-html-demo.vercel.app/features.4b.delayed]
[eventify-html-demo.vercel.app/assets/img/bg/header-bg23.png]
[eventify-html-demo.vercel.app/assets/img/icons/sub-logo1.svg]
[eventify-html-demo.vercel.app/assets/img/icons/calender1.svg]
[eventify-html-demo.vercel.app/assets/img/all-images/hero/hero-img12.png]
[eventify-html-demo.vercel.app/assets/img/all-images/hero/hero-img13.png]
[eventify-html-demo.vercel.app/assets/img/all-images/hero/hero-img14.png]
[eventify-html-demo.vercel.app/assets/img/all-images/hero/hero-img15.png]
[eventify-html-demo.vercel.app/assets/img/elements/elements38.png]
[eventify-html-demo.vercel.app/assets/img/all-images/others/author-img2.png]
[eventify-html-demo.vercel.app/assets/img/all-images/about/about-img7.png]
[eventify-html-demo.vercel.app/assets/img/all-images/about/about-img8.png]
[eventify-html-demo.vercel.app/assets/img/all-images/about/about-img9.png]
[eventify-html-demo.vercel.app/assets/img/all-images/event/event-img25.png]
[eventify-html-demo.vercel.app/assets/img/elements/elements39.png]
[eventify-html-demo.vercel.app/assets/img/elements/elements40.png]
[eventify-html-demo.vercel.app/assets/img/elements/elements41.png]
[eventify-html-demo.vercel.app/assets/img/all-images/event/event-img26.png]
[eventify-html-demo.vercel.app/assets/img/all-images/event/event-img14.png]
[eventify-html-demo.vercel.app/assets/img/all-images/team/team-img38.png]
[eventify-html-demo.vercel.app/assets/img/all-images/team/team-img39.png]
[eventify-html-demo.vercel.app/assets/img/all-images/team/team-img40.png]
[eventify-html-demo.vercel.app/assets/img/all-images/team/team-img41.png]
[eventify-html-demo.vercel.app/assets/img/all-images/team/team-img42.png]
[eventify-html-demo.vercel.app/assets/img/all-images/team/team-img43.png]
[eventify-html-demo.vercel.app/assets/img/all-images/team/team-img44.png]
[eventify-html-demo.vercel.app/assets/img/elements/elements23.png]
[eventify-html-demo.vercel.app/assets/img/elements/brand-img1.png]
[eventify-html-demo.vercel.app/assets/img/elements/brand-img2.png]
[eventify-html-demo.vercel.app/assets/img/elements/brand-img3.png]
[eventify-html-demo.vercel.app/assets/img/elements/brand-img4.png]
[eventify-html-demo.vercel.app/assets/img/elements/brand-img5.png]
[eventify-html-demo.vercel.app/assets/img/elements/brand-img6.png]
[eventify-html-demo.vercel.app/assets/img/elements/brand-img7.png]
[eventify-html-demo.vercel.app/assets/img/elements/brand-img8.png]
[eventify-html-demo.vercel.app/assets/img/icons/phn1.svg]
[eventify-html-demo.vercel.app/assets/img/icons/instagram.svg]
[eventify-html-demo.vercel.app/assets/img/logo/logo2.png]
[eventify-html-demo.vercel.app/assets/img/icons/world1.svg]
[eventify-html-demo.vercel.app/assets/img/all-images/footer/footer-img1.png]
[eventify-html-demo.vercel.app/assets/img/all-images/footer/footer-img2.png]
[eventify-html-demo.vercel.app/assets/img/all-images/footer/footer-img3.png]
[eventify-html-demo.vercel.app/assets/img/all-images/footer/footer-img4.png]
[eventify-html-demo.vercel.app/assets/img/all-images/footer/footer-img5.png]
[eventify-html-demo.vercel.app/assets/img/all-images/footer/footer-img6.png]
[eventify-html-demo.vercel.app/assets/js/vendor/bootstrap.min.js]
[eventify-html-demo.vercel.app/assets/js/vendor/fontawesome.js]
[eventify-html-demo.vercel.app/assets/js/vendor/aos.js]
[eventify-html-demo.vercel.app/assets/js/vendor/jquery.appear.js]
[eventify-html-demo.vercel.app/assets/js/vendor/jquery.odometer.min.js]
[eventify-html-demo.vercel.app/assets/js/vendor/sidebar.js]
[eventify-html-demo.vercel.app/assets/js/vendor/magnific-popup.js]
[eventify-html-demo.vercel.app/assets/js/vendor/gsap.min.js]
[eventify-html-demo.vercel.app/assets/js/vendor/ScrollTrigger.min.js]
[eventify-html-demo.vercel.app/assets/js/vendor/Splitetext.js]
[eventify-html-demo.vercel.app/assets/js/vendor/mobilemenu.js]
[eventify-html-demo.vercel.app/assets/js/vendor/owlcarousel.min.js]
[eventify-html-demo.vercel.app/assets/js/vendor/nice-select.js]
[eventify-html-demo.vercel.app/assets/js/vendor/waypoints.js]
[eventify-html-demo.vercel.app/assets/js/vendor/slick-slider.js]
[eventify-html-demo.vercel.app/assets/js/vendor/circle-progress.js]
[eventify-html-demo.vercel.app/index10]
[eventify-html-demo.vercel.app/assets/css/vendor/bootstrap.min.css]
[eventify-html-demo.vercel.app/assets/css/vendor/aos.css]
[eventify-html-demo.vercel.app/assets/js/main.js]
[eventify-html-demo.vercel.app/assets/css/vendor/fonts/fa-brands-400.woff2]
[eventify-html-demo.vercel.app/assets/css/vendor/fonts/fa-brands-400.8d.delayed]
[eventify-html-demo.vercel.app/assets/css/vendor/fonts/fa-duotone-900.8e.delayed]
[eventify-html-demo.vercel.app/assets/css/vendor/fonts/fa-duotone-900.8f.delayed]
[eventify-html-demo.vercel.app/assets/css/vendor/fonts/fa-light-300.90.delayed]
[eventify-html-demo.vercel.app/assets/css/vendor/fonts/fa-light-300.91.delayed]
[eventify-html-demo.vercel.app/assets/css/vendor/fonts/fa-regular-400.woff2]
[eventify-html-demo.vercel.app/assets/css/vendor/fonts/fa-regular-400.93.delayed]
[eventify-html-demo.vercel.app/assets/css/vendor/fonts/fa-solid-900.woff2]
[eventify-html-demo.vercel.app/assets/css/vendor/fonts/fa-solid-900.95.delayed]
[eventify-html-demo.vercel.app/assets/css/vendor/fonts/fa-thin-100.96.delayed]
[eventify-html-demo.vercel.app/assets/css/vendor/fonts/fa-thin-100.97.delayed]
[eventify-html-demo.vercel.app/assets/css/vendor/fonts/fa-v4compatibility.woff2]
[eventify-html-demo.vercel.app/assets/css/vendor/webfofontsnts/fa-v4compatibility.99.delayed]
[eventify-html-demo.vercel.app/assets/css/vendor/fontawesome.css]
[eventify-html-demo.vercel.app/assets/css/vendor/magnific-popup.css]
[eventify-html-demo.vercel.app/assets/css/vendor/mobile.css]
[eventify-html-demo.vercel.app/assets/css/vendor/owl.video.play.9a.delayed]
[eventify-html-demo.vercel.app/assets/css/vendor/owlcarousel.min.css]
[eventify-html-demo.vercel.app/assets/css/vendor/sidebar.css]
[eventify-html-demo.vercel.app/assets/css/vendor/slick-slider.css]
[eventify-html-demo.vercel.app/assets/css/vendor/nice-select.css]
[eventify-html-demo.vercel.app/assets/css/vendor/odometer.css]
[eventify-html-demo.vercel.app/assets/img/bg/header-bg3.png]
[eventify-html-demo.vercel.app/assets/img/bg/others-bg3.png]
[eventify-html-demo.vercel.app/assets/img/bg/header-bg1.png]
[eventify-html-demo.vercel.app/assets/img/bg/header-bg4.png]
[eventify-html-demo.vercel.app/assets/img/elements/elements20.png]
[eventify-html-demo.vercel.app/assets/img/elements/elements27.png]
[eventify-html-demo.vercel.app/assets/img/bg/footer-bg1.png]
[eventify-html-demo.vercel.app/assets/img/bg/others-bg2.png]
[eventify-html-demo.vercel.app/assets/img/bg/popup-bg.png]
[eventify-html-demo.vercel.app/assets/img/bg/contact-bg1.png]
[eventify-html-demo.vercel.app/assets/img/bg/contact-bg2.png]
[eventify-html-demo.vercel.app/assets/css/main.css]
[eventify-html-demo.vercel.app/assets/img/icons/check3.svg]
[eventify-html-demo.vercel.app/assets/img/logo/logo1.png]
[eventify-html-demo.vercel.app/assets/img/bg/header-bg12.png]
[eventify-html-demo.vercel.app/assets/img/all-images/contact/contact-img4.png]
[eventify-html-demo.vercel.app/assets/img/all-images/contact/contact-img1.png]
[eventify-html-demo.vercel.app/contact]
[eventify-html-demo.vercel.app/assets/img/bg/header-bg2.png]
[eventify-html-demo.vercel.app/assets/img/all-images/hero/hero-img1.png]
[eventify-html-demo.vercel.app/assets/img/all-images/about/about-img1.png]
[eventify-html-demo.vercel.app/assets/img/all-images/about/about-img2.png]
[eventify-html-demo.vercel.app/assets/img/all-images/about/about-img3.png]
[eventify-html-demo.vercel.app/assets/img/icons/about-icon1.svg]
[eventify-html-demo.vercel.app/assets/img/icons/about-icon2.svg]
[eventify-html-demo.vercel.app/assets/img/all-images/event/event-img1.png]
[eventify-html-demo.vercel.app/assets/img/all-images/event/event-img2.png]
[eventify-html-demo.vercel.app/assets/img/all-images/event/event-img3.png]
[eventify-html-demo.vercel.app/assets/img/all-images/team/team-img2.png]
[eventify-html-demo.vercel.app/assets/img/all-images/team/team-img1.png]
[eventify-html-demo.vercel.app/assets/img/all-images/team/team-img3.png]
[eventify-html-demo.vercel.app/assets/img/all-images/testimonials/testimonial-img2.png]
[eventify-html-demo.vercel.app/assets/img/all-images/testimonials/testimonial-img1.png]
[eventify-html-demo.vercel.app/assets/img/all-images/memory/memory-img1.png]
[eventify-html-demo.vercel.app/assets/img/icons/logo1.svg]
[eventify-html-demo.vercel.app/assets/img/all-images/memory/memory-img2.png]
[eventify-html-demo.vercel.app/assets/img/all-images/memory/memory-img3.png]
[eventify-html-demo.vercel.app/assets/img/all-images/blog/blog-img1.png]
[eventify-html-demo.vercel.app/assets/img/all-images/blog/blog-img2.png]
[eventify-html-demo.vercel.app/assets/img/all-images/blog/blog-img3.png]
[eventify-html-demo.vercel.app/index.html]
[eventify-html-demo.vercel.app/assets/img/icons/arrow2.svg]
[eventify-html-demo.vercel.app/assets/img/elements/elements9.png]
[eventify-html-demo.vercel.app/assets/img/elements/elements10.png]
[eventify-html-demo.vercel.app/assets/img/elements/elements11.png]
[eventify-html-demo.vercel.app/assets/img/all-images/hero/hero-img2.png]
[eventify-html-demo.vercel.app/assets/img/all-images/hero/hero-img3.png]
[eventify-html-demo.vercel.app/assets/img/all-images/hero/hero-img4.png]
[eventify-html-demo.vercel.app/assets/img/elements/elements13.png]
[eventify-html-demo.vercel.app/assets/img/elements/elements14.png]
[eventify-html-demo.vercel.app/assets/img/all-images/about/about-img4.png]
[eventify-html-demo.vercel.app/assets/img/all-images/about/about-img5.png]
[eventify-html-demo.vercel.app/assets/img/all-images/about/about-img6.png]
[eventify-html-demo.vercel.app/assets/img/all-images/team/team-img4.png]
[eventify-html-demo.vercel.app/assets/img/elements/elements16.png]
[eventify-html-demo.vercel.app/assets/img/all-images/team/team-img5.png]
[eventify-html-demo.vercel.app/assets/img/all-images/team/team-img6.png]
[eventify-html-demo.vercel.app/assets/img/all-images/team/team-img7.png]
[eventify-html-demo.vercel.app/assets/img/icons/mail2.svg]
[eventify-html-demo.vercel.app/assets/img/icons/phn2.svg]
[eventify-html-demo.vercel.app/index2]
[eventify-html-demo.vercel.app/assets/img/icons/clock2.svg]
[eventify-html-demo.vercel.app/assets/img/elements/elements18.png]
[eventify-html-demo.vercel.app/assets/img/icons/arrow1.svg]
[eventify-html-demo.vercel.app/assets/img/all-images/about/about-img10.png]
[eventify-html-demo.vercel.app/assets/img/elements/elements21.png]
[eventify-html-demo.vercel.app/assets/img/elements/elements22.png]
[eventify-html-demo.vercel.app/assets/img/all-images/team/team-img8.png]
[eventify-html-demo.vercel.app/assets/img/all-images/team/team-img9.png]
[eventify-html-demo.vercel.app/assets/img/all-images/team/team-img10.png]
[eventify-html-demo.vercel.app/assets/img/all-images/team/team-img11.png]
[eventify-html-demo.vercel.app/assets/img/icons/calender2.svg]
[eventify-html-demo.vercel.app/assets/img/all-images/event/event-img4.png]
[eventify-html-demo.vercel.app/assets/img/all-images/event/event-img5.png]
[eventify-html-demo.vercel.app/assets/img/all-images/event/event-img6.png]
[eventify-html-demo.vercel.app/assets/img/all-images/memory/memory-img4.png]
[eventify-html-demo.vercel.app/assets/img/all-images/memory/memory-img5.png]
[eventify-html-demo.vercel.app/assets/img/all-images/memory/memory-img6.png]
[eventify-html-demo.vercel.app/assets/img/elements/elements24.png]
[eventify-html-demo.vercel.app/assets/img/all-images/cta/cta-img1.png]
[eventify-html-demo.vercel.app/index3]
[eventify-html-demo.vercel.app/assets/img/logo/fav-logo2.png]
[eventify-html-demo.vercel.app/assets/img/logo/logo3.png]
[eventify-html-demo.vercel.app/assets/img/icons/sub-logo2.svg]
[eventify-html-demo.vercel.app/assets/img/all-images/hero/hero-img5.png]
[eventify-html-demo.vercel.app/assets/img/all-images/hero/hero-img6.png]
[eventify-html-demo.vercel.app/assets/img/all-images/about/about-img11.png]
[eventify-html-demo.vercel.app/assets/img/all-images/about/about-img12.png]
[eventify-html-demo.vercel.app/assets/img/all-images/about/about-img13.png]
[eventify-html-demo.vercel.app/assets/img/all-images/event/event-img7.png]
[eventify-html-demo.vercel.app/assets/img/all-images/contact/contact-img2.png]
[eventify-html-demo.vercel.app/assets/img/all-images/contact/contact-img3.png]
[eventify-html-demo.vercel.app/assets/img/all-images/blog/blog-img4.png]
[eventify-html-demo.vercel.app/assets/img/all-images/blog/blog-img5.png]
[eventify-html-demo.vercel.app/assets/img/all-images/blog/blog-img6.png]
[eventify-html-demo.vercel.app/index4]
[eventify-html-demo.vercel.app/assets/img/bg/body-bg1.png]
[eventify-html-demo.vercel.app/assets/img/elements/elements31.png]
[eventify-html-demo.vercel.app/assets/img/all-images/others/author-img1.png]
[eventify-html-demo.vercel.app/assets/img/all-images/hero/hero-img7.png]
[eventify-html-demo.vercel.app/assets/img/elements/elements28.png]
[eventify-html-demo.vercel.app/assets/img/elements/elements29.png]
[eventify-html-demo.vercel.app/assets/img/all-images/event/event-img9.png]
[eventify-html-demo.vercel.app/assets/img/all-images/event/event-img10.png]
[eventify-html-demo.vercel.app/assets/img/all-images/event/event-img11.png]
[eventify-html-demo.vercel.app/assets/img/elements/elements32.png]
[eventify-html-demo.vercel.app/assets/img/elements/elements33.png]
[eventify-html-demo.vercel.app/assets/img/all-images/memory/memory-img13.png]
[eventify-html-demo.vercel.app/assets/img/all-images/memory/memory-img14.png]
[eventify-html-demo.vercel.app/assets/img/all-images/memory/memory-img15.png]
[eventify-html-demo.vercel.app/assets/img/all-images/contact/contact-img5.png]
[eventify-html-demo.vercel.app/assets/img/elements/elements30.png]
[eventify-html-demo.vercel.app/index5]
[eventify-html-demo.vercel.app/assets/img/logo/logo4.png]
[eventify-html-demo.vercel.app/assets/img/bg/header-bg17.png]
[eventify-html-demo.vercel.app/assets/img/elements/elements34.png]
[eventify-html-demo.vercel.app/assets/img/all-images/hero/hero-img8.png]
[eventify-html-demo.vercel.app/assets/img/elements/elements35.png]
[eventify-html-demo.vercel.app/assets/img/all-images/about/about-img14.png]
[eventify-html-demo.vercel.app/assets/img/all-images/about/about-img15.png]
[eventify-html-demo.vercel.app/assets/img/all-images/about/about-img16.png]
[eventify-html-demo.vercel.app/assets/img/all-images/event/event-img12.png]
[eventify-html-demo.vercel.app/assets/img/all-images/event/event-img13.png]
[eventify-html-demo.vercel.app/assets/img/icons/skills1.svg]
[eventify-html-demo.vercel.app/assets/img/icons/skills2.svg]
[eventify-html-demo.vercel.app/assets/img/icons/skills3.svg]
[eventify-html-demo.vercel.app/assets/img/all-images/team/team-img20.png]
[eventify-html-demo.vercel.app/assets/img/all-images/team/team-img21.png]
[eventify-html-demo.vercel.app/assets/img/all-images/team/team-img22.png]
[eventify-html-demo.vercel.app/assets/img/all-images/team/team-img23.png]
[eventify-html-demo.vercel.app/index6]
[eventify-html-demo.vercel.app/assets/img/icons/check4.svg]
[eventify-html-demo.vercel.app/assets/img/bg/header-bg18.png]
[eventify-html-demo.vercel.app/assets/img/all-images/hero/hero-img9.png]
[eventify-html-demo.vercel.app/assets/img/all-images/hero/hero-img10.png]
[eventify-html-demo.vercel.app/assets/img/icons/choose1.svg]
[eventify-html-demo.vercel.app/assets/img/all-images/about/about-img17.png]
[eventify-html-demo.vercel.app/assets/img/all-images/about/about-img18.png]
[eventify-html-demo.vercel.app/assets/img/elements/elements37.png]
[eventify-html-demo.vercel.app/assets/img/all-images/others/vanue-img1.png]
[eventify-html-demo.vercel.app/assets/img/all-images/others/vanue-img2.png]
[eventify-html-demo.vercel.app/assets/img/all-images/others/vanue-img3.png]
[eventify-html-demo.vercel.app/assets/img/all-images/others/vanue-img4.png]
[eventify-html-demo.vercel.app/assets/img/all-images/team/team-img24.png]
[eventify-html-demo.vercel.app/assets/img/all-images/team/team-img25.png]
[eventify-html-demo.vercel.app/assets/img/all-images/team/team-img26.png]
[eventify-html-demo.vercel.app/assets/img/all-images/team/team-img27.png]
[eventify-html-demo.vercel.app/assets/img/all-images/event/event-img15.png]
[eventify-html-demo.vercel.app/assets/img/all-images/event/event-img16.png]
[eventify-html-demo.vercel.app/assets/img/all-images/event/event-img17.png]
[eventify-html-demo.vercel.app/assets/img/all-images/event/event-img18.png]
[eventify-html-demo.vercel.app/assets/img/all-images/event/event-img19.png]
[eventify-html-demo.vercel.app/assets/img/all-images/event/event-img20.png]
[eventify-html-demo.vercel.app/index7]
[eventify-html-demo.vercel.app/assets/img/bg/header-bg19.png]
[eventify-html-demo.vercel.app/assets/img/elements/layer1.png]
[eventify-html-demo.vercel.app/assets/img/bg/header-bg20.png]
[eventify-html-demo.vercel.app/assets/img/all-images/about/about-img19.png]
[eventify-html-demo.vercel.app/assets/img/all-images/about/about-img20.png]
[eventify-html-demo.vercel.app/assets/img/all-images/about/about-img22.png]
[eventify-html-demo.vercel.app/assets/img/all-images/about/about-img23.png]
[eventify-html-demo.vercel.app/assets/img/all-images/about/about-img24.png]
[eventify-html-demo.vercel.app/assets/img/all-images/about/about-img25.png]
[eventify-html-demo.vercel.app/assets/img/all-images/event/event-img21.png]
[eventify-html-demo.vercel.app/assets/img/all-images/event/event-img24.png]
[eventify-html-demo.vercel.app/assets/img/all-images/event/event-img22.png]
[eventify-html-demo.vercel.app/assets/img/all-images/event/event-img23.png]
[eventify-html-demo.vercel.app/assets/img/all-images/team/team-img28.png]
[eventify-html-demo.vercel.app/assets/img/all-images/team/team-img29.png]
[eventify-html-demo.vercel.app/assets/img/all-images/team/team-img30.png]
[eventify-html-demo.vercel.app/assets/img/all-images/team/team-img31.png]
[eventify-html-demo.vercel.app/assets/img/all-images/team/team-img32.png]
[eventify-html-demo.vercel.app/assets/img/bg/header-bg21.png]
[eventify-html-demo.vercel.app/assets/img/all-images/footer/footer-img7.png]
[eventify-html-demo.vercel.app/assets/img/all-images/footer/footer-img8.png]
[eventify-html-demo.vercel.app/assets/img/all-images/footer/footer-img9.png]
[eventify-html-demo.vercel.app/assets/img/all-images/footer/footer-img10.png]
[eventify-html-demo.vercel.app/assets/img/all-images/footer/footer-img11.png]
[eventify-html-demo.vercel.app/assets/img/all-images/footer/footer-img12.png]
[eventify-html-demo.vercel.app/index8]
[eventify-html-demo.vercel.app/assets/img/bg/header-bg22.png]
[eventify-html-demo.vercel.app/assets/img/all-images/hero/hero-img11.png]
[eventify-html-demo.vercel.app/assets/img/all-images/team/team-img33.png]
[eventify-html-demo.vercel.app/assets/img/all-images/team/team-img34.png]
[eventify-html-demo.vercel.app/assets/img/all-images/team/team-img35.png]
[eventify-html-demo.vercel.app/assets/img/all-images/team/team-img36.png]
[eventify-html-demo.vercel.app/assets/img/all-images/team/team-img37.png]
[eventify-html-demo.vercel.app/index9]
[eventify-html-demo.vercel.app/assets/img/bg/header-bg5.png]
[eventify-html-demo.vercel.app/about]
[eventify-html-demo.vercel.app/assets/img/icons/choose-icons1.svg]
[eventify-html-demo.vercel.app/assets/img/bg/header-bg6.png]
[eventify-html-demo.vercel.app/assets/img/elements/elements25.png]
[eventify-html-demo.vercel.app/assets/img/elements/elements26.png]
[eventify-html-demo.vercel.app/assets/img/all-images/team/team-img12.png]
[eventify-html-demo.vercel.app/assets/img/all-images/team/team-img13.png]
[eventify-html-demo.vercel.app/assets/img/all-images/team/team-img14.png]
[eventify-html-demo.vercel.app/assets/img/all-images/team/team-img15.png]
[eventify-html-demo.vercel.app/assets/img/all-images/team/team-img16.png]
[eventify-html-demo.vercel.app/assets/img/all-images/team/team-img17.png]
[eventify-html-demo.vercel.app/assets/img/all-images/team/team-img18.png]
[eventify-html-demo.vercel.app/assets/img/all-images/team/team-img19.png]
[eventify-html-demo.vercel.app/speakers]
[eventify-html-demo.vercel.app/assets/img/bg/header-bg7.png]
[eventify-html-demo.vercel.app/speakers-single]
[eventify-html-demo.vercel.app/assets/img/bg/header-bg8.png]
[eventify-html-demo.vercel.app/event]
[eventify-html-demo.vercel.app/assets/img/bg/header-bg10.png]
[eventify-html-demo.vercel.app/event-schedule]
[eventify-html-demo.vercel.app/assets/img/bg/header-bg9.png]
[eventify-html-demo.vercel.app/assets/img/all-images/event/event-img8.png]
[eventify-html-demo.vercel.app/event-single]
[eventify-html-demo.vercel.app/assets/img/bg/header-bg13.png]
[eventify-html-demo.vercel.app/assets/img/all-images/memory/memory-img7.png]
[eventify-html-demo.vercel.app/assets/img/all-images/memory/memory-img8.png]
[eventify-html-demo.vercel.app/assets/img/all-images/memory/memory-img9.png]
[eventify-html-demo.vercel.app/assets/img/all-images/memory/memory-img11.png]
[eventify-html-demo.vercel.app/blog]
[eventify-html-demo.vercel.app/assets/img/bg/header-bg14.png]
[eventify-html-demo.vercel.app/assets/img/all-images/blog/blog-img7.png]
[eventify-html-demo.vercel.app/assets/img/icons/comments1.svg]
[eventify-html-demo.vercel.app/assets/img/all-images/blog/blog-img8.png]
[eventify-html-demo.vercel.app/assets/img/all-images/blog/blog-img9.png]
[eventify-html-demo.vercel.app/assets/img/all-images/blog/blog-img10.png]
[eventify-html-demo.vercel.app/assets/img/all-images/blog/blog-img11.png]
[eventify-html-demo.vercel.app/assets/img/all-images/blog/blog-img12.png]
[eventify-html-demo.vercel.app/assets/img/all-images/blog/blog-img13.png]
[eventify-html-demo.vercel.app/assets/img/all-images/blog/blog-img14.png]
[eventify-html-demo.vercel.app/assets/img/all-images/blog/blog-img15.png]
[eventify-html-demo.vercel.app/assets/img/all-images/blog/blog-img16.png]
[eventify-html-demo.vercel.app/assets/img/all-images/blog/blog-img17.png]
[eventify-html-demo.vercel.app/assets/img/all-images/blog/blog-img18.png]
[eventify-html-demo.vercel.app/blog-single]
[eventify-html-demo.vercel.app/assets/img/bg/header-bg11.png]
[eventify-html-demo.vercel.app/assets/img/all-images/memory/memory-img10.png]
[eventify-html-demo.vercel.app/assets/img/all-images/memory/memory-img12.png]
[eventify-html-demo.vercel.app/memories]
[eventify-html-demo.vercel.app/assets/img/bg/header-bg16.png]
[eventify-html-demo.vercel.app/pricing-plan]
[eventify-html-demo.vercel.app/assets/img/bg/header-bg15.png]
[eventify-html-demo.vercel.app/faq]
[eventify-html-demo.vercel.app/assets/img/icons/search1.svg]
[eventify-html-demo.vercel.app/features.html]
[eventify-html-demo.vercel.app/assets/img/icons/sub-logo1.svg]
[eventify-html-demo.vercel.app/assets/img/icons/calender1.svg]
[eventify-html-demo.vercel.app/assets/img/icons/clock1.svg]
[eventify-html-demo.vercel.app/assets/img/icons/location1.svg]
[eventify-html-demo.vercel.app/assets/img/icons/mail1.svg]
[eventify-html-demo.vercel.app/assets/img/icons/phn1.svg]
[eventify-html-demo.vercel.app/assets/img/icons/instagram.svg]
[eventify-html-demo.vercel.app/assets/img/icons/world1.svg]
[eventify-html-demo.vercel.app/assets/css/vendor/fonts/fa-brands-400.html]
[eventify-html-demo.vercel.app/assets/css/vendor/fonts/fa-duotone-900.html]
[eventify-html-demo.vercel.app/assets/css/vendor/fonts/fa-duotone-901.html]
[eventify-html-demo.vercel.app/assets/css/vendor/fonts/fa-light-300.html]
[eventify-html-demo.vercel.app/assets/css/vendor/fonts/fa-light-301.html]
[eventify-html-demo.vercel.app/assets/css/vendor/fonts/fa-regular-400.html]
[eventify-html-demo.vercel.app/assets/css/vendor/fonts/fa-solid-900.html]
[eventify-html-demo.vercel.app/assets/css/vendor/fonts/fa-thin-100.html]
[eventify-html-demo.vercel.app/assets/css/vendor/fonts/fa-thin-101.html]
[eventify-html-demo.vercel.app/assets/css/vendor/webfofontsnts/fa-v4compatibility.html]
[eventify-html-demo.vercel.app/assets/css/vendor/owl.video.play.html]
[eventify-html-demo.vercel.app/assets/img/icons/about-icon1.svg]
[eventify-html-demo.vercel.app/assets/img/icons/about-icon2.svg]
[eventify-html-demo.vercel.app/assets/img/icons/logo1.svg]
[eventify-html-demo.vercel.app/assets/img/icons/mail2.svg]
[eventify-html-demo.vercel.app/assets/img/icons/phn2.svg]
[eventify-html-demo.vercel.app/assets/img/icons/clock2.svg]
[eventify-html-demo.vercel.app/assets/img/icons/arrow1.svg]
[eventify-html-demo.vercel.app/assets/img/icons/share1.svg]
[eventify-html-demo.vercel.app/assets/img/icons/calender2.svg]
[eventify-html-demo.vercel.app/assets/img/icons/sub-logo2.svg]
[eventify-html-demo.vercel.app/assets/img/icons/check1.svg]
[eventify-html-demo.vercel.app/assets/img/icons/user1.svg]
[eventify-html-demo.vercel.app/assets/img/icons/location2.svg]
[eventify-html-demo.vercel.app/assets/img/icons/skills1.svg]
[eventify-html-demo.vercel.app/assets/img/icons/skills2.svg]
[eventify-html-demo.vercel.app/assets/img/icons/skills3.svg]
[eventify-html-demo.vercel.app/assets/img/icons/check4.svg]
[eventify-html-demo.vercel.app/assets/img/icons/choose1.svg]
[eventify-html-demo.vercel.app/assets/img/icons/check5.svg]
[eventify-html-demo.vercel.app/assets/img/icons/choose-icons1.svg]
[eventify-html-demo.vercel.app/assets/img/icons/comments1.svg]
[eventify-html-demo.vercel.app/assets/img/icons/check2.svg]
